---
source: hopr/builder/tests/session_integration_tests.rs
expression: snapshot
---
session_id:
  tag: 1
  pseudonym: "[pseudonym]"
snapshot_at_ms: 1772546328404
lifetime:
  created_at_ms: 1772546328332
  last_activity_at_ms: 1772546328335
  uptime_ms: 72
  idle_ms: 69
  state: 0
  pipeline_errors_total: 0
frame:
  mtu_bytes: 1500
  timeout_ms: 800
  frame_capacity: 16384
  being_assembled: 0
  completed_total: 0
  emitted_total: 0
  discarded_total: 0
ack:
  mode: 0
  incoming_segments_total: 0
  incoming_retransmission_requests_total: 0
  incoming_acknowledged_frames_total: 0
  outgoing_segments_total: 0
  outgoing_retransmission_requests_total: 0
  outgoing_acknowledged_frames_total: 0
surb:
  produced_total: 0
  consumed_total: 0
  buffer_estimate: 0
  target_buffer: 0
  rate_per_sec: 0
  refill_in_flight: false
transport:
  bytes_in_total: 9183
  bytes_out_total: 0
  packets_in_total: 9
  packets_out_total: 0
